bibo
charcoal
archies
bba
rose vanessa
sole threads
green storm
h2o+
griffon
smag
hypno tex
black eyed peas
sure
infiniti
my lil' berry
audley
marvi
suunto
usha
jacqui & david
arrow
ettenne aigner
basics life
the boot
purehome
mascara blanco
fran wilson moodmatcher usa
miraaya
t&d
maisto
mistinguette
adidas neo
sangria exclusive
k mark
friedrich
bath & body works
fusion beats
muskan
g
hautewagon
bdm
minerals
miganda
ethic
q
klamotten
w
z
rastar
ekmatra
zign
primavera
ella
hermoso
mustang
gant
happiness
diva fashion
infinity
bogart
begin101
jojo manan bebe
rajdeep ranawat
delhi bazaar
napoleon
star wars
source lab
birla
sunnex jeans
ridress
promises forever
emino cavalini
x'pose
susa
neo veda
bcbg
fox 40
lotus herbals
wildcraft
footfun
krazy kaleido
summer set
sodacan
july nightwear
wowwee
rover
coghlans
torrini
be a star
emilio pucci
scrunchh
elle
enamor
c vox
levitate
qq angel by olo
color club nyc
softwear
very valentino
elly
helios jbj perfumes
blue sapphire
park avenue underwear
engross
carpenter
nu parfums
bollydiva by tops and tunics
denizen
won wish
ziveg
ivy
grovana
faithful
parineeta
le buck
shahenaz home shop
tips & toes
niki jewels
tele trends
victoria's secret
kent
cmyk
van heusen
benetton
e2o fashion
petzl
park avenue
ozone
ria
joe black
looney tunes
quantum
ardell
kenwood
junic
palm tree
mustard
fonokase
urban vastra
cavana
dreamszone
playmobil
la chica
dietz
azafran
healthvit
do bhai
planet retail
microsoft
kylaf
gleam touch
st dupont
shining diva
taika
universal
beauty uk
dressology
chewingum
diana sport
ecohawk
john jacobs
tomy
in the closet
zion
rubbabu
united colors
sng
gold princess
little krishna
yakuza ink.
pilar abril
knex
claesons
unknown by ayesha
monster high
steffi love
denver
osmo professional
river island
sindoora
just cavali
tom and jerry
dior
aks
rhythm
twister
marvel
madame
arrow sports
foxwood perfumes
ruhani all seasons
blazo
bnf
ruosh
needybee
drap
tab91
new balance
zaab
alm
sunbaby
lomani
aditri
archana kochhar
doors
red chief
madrona
ami
ultra craft
crystal-line by lazreena
stoelzle
reebok
amo
layla
basement bazaar
the north face
johareez
diva fusion
aroma magic
versus versace
ana
nourish
tasmanian tiger
davie jones
matchbox
ans
torrido
scavin
bruno manetti
piquancy designs
perry ellis
krish
gunn and moore
admiral
miss sixty
fabdeal
navyfont
mossimo
decathlon
centra
threesome
domyos
blue and blues
pussy deluxe
sparkling deals
june sixteen
pritika
meccano
jag
gj jeans
nazakat
jacques bogart
edge
miner cosmetics
balujas
hebe
paul sebastian
blueberry signature
@499
colcci
bags forever
nerf
spirited soaps scotland
jorg gray
dickies
call in france
pretline
anwesha
probase
sur & pall
helios
head
bellagio
neerja
wingsfield
lishabee
ergo sum
kielz
aneri
do u speak green
woodpeckerz
mattel
saha ji
aryanveda herbals
code
karrat 22
aveiro
diva
ara
stellar home
regalos
pulman
belly cloud
tom crew
mystique
life like art
petrol
toyzone
mussvital
tibhar
highlight
raves
senora
yepme
diya
texture
harley davidson
ash
silverano
tweety
viscose twill
valentina
linkin park
gitanjali coins
sidharth k kakkar
puma
fiesta clara
cally
being human clothing
lawman pg3
macv eyewear
valentino
sondico
bio shirt company
renaissance
ennthra
fragrance world
sengar
riot
saint galant
miss fiorelli
lumberboy
tcs world 10k bengaluru
punk
bleu
warner bros
surat diamonds
scientific
karigari
thia
caribbean joe
emanuel ungaro
us polo association
clandestine
tunturi
indigo nation
mehrasons coins
aptonia
j shoes
aum
shapes
bajaj
aloe veda
mina uk
mocas
godzilla
sex and the city
acctu toys
closet curves
miss bennett london
salomon
global colours
avance
gauge machine
actuel
voluptina
inara
inner sense
star gear
jadeblue
bahubali
monsoon
7 by ms dhoni
xindao
sports craft
game box
falak
10th planet
carla berroti
arnab sengupta purple
hapuka
marshmallow kids couture
thegudlook
nvey eco australia
cabarelli
kanvin
bunkar
the home elements
dani fashions
krotos
tq bags
mi*ai
ajile by pantaloons
axe
richlook
happily unmarried
dustin wood
beyouty
iceberg
fortune
british cross
dom rebel
tijori
amber
kelme
mont zermatt
fingerchips
cupcake
united colors of benneton
home n hearth
arrow classic
taniya sharma
ethnik's neu-ron
d_ove
daffodils
eighteen27
sweetdreams
sangita chudiwala
dana
mark taylor
elan
colt
voylla
jaya misra
athena
pure
cerruti
tribord
veda
flower power
mrigna
tom tailor
thor
famozi
sdl by sweet dreams
dolce & gabbana
jabong
beevee
f1 2012
aarna craft
carlton
enroute teens
purple berry
louis alberti
magnetic designs
factory rush
breaking bad
bohemyan blue
happy socks
amatrra spa
utsavi
batgirl
catty
get-u
globalite
glitterati
wilson & tuskiny
motel
phosphorus
wrangler
riviera living
on fire & extreme deodorant combo pack
peri peri
aramis
ding dong
that's my baby
virtes
orsay by aditi wasan
mickey
taaga
jealous 21
youshine
avani- dead sea cosmetics
safety
beyond yoga
navvy silver-el
prince
dash
polar
max force
ucb
oars
david johns
oxolloxo
miners cosmetics
elecom
dimpy
tool interactive
spice art
belkin
tupperware
bombay dyeing
highlander
concept living
shakumbhari
bulchee ufficio
paul mitchell
new zealand
liebemode
comfit
oxyglow
style fiesta
alayna
crumpler
big buddha by steve madden
olayla
york
richfeel
xyxyx
tangle teezer
atorse
dekor world
evolv
deep heritage
air hog
cotton bazaar
mochi
tapasya
jovan
boggi milano
blacksmith
vega
free people
red line
m square
nakshatra
derby
famous
glow doodle
calvien klien
sweet lemon
lorad
u&f
boxer milano
cross
sahi aarna
la peches
nature's indulgence
wiki
aimi
ten
motif
superman
wind
nature's essence
claire's
coup
stylista original
aesthetics india
mitashi
clay craft
bells and whistles
pretty women
nextime
buckleup
d&g
combat
parker
rock face
bare essentials
chanter
menbur
rena love
my milestones
coty
fendi
jashn
set
tassels
basic care
kvr
abhishti
lipsy
sanwara
krishana balram
golmaal
bestway
kinmin
dye fab
colourmode
helios rivosense
rhinestone
snoogg
mineral
ama herbal
blucat
jungle book
holidae
urbane by maxima
martini
belle fille
superdry
the tan base
lemonmint
collectabillia - virat
swaroski
slingshot
belladona
olvin
disney
tig
rizir fashion
isabelle
american beauty perfumes
mudo
carolina herrera
john varvatos
hawke
naomi campbell
joy living
f gear
madara organic skincare
realshoppee
virtis
svvelte
littleopia
spinn
ucla
orange tree
mr men
harley davidsons
threesixtydegree
littlewood
guster ve
foster's
morph
black panther
arshia
lovely
spinz
pink chick
bichauna
columbio
poodlebag
web jeans
wamil diva
sia
perfect petzzz
bgr
smoothie
columbia
university
duke stardust
smugglerz
nicka k new york
ice watch
silicium
freetoes
primal earth new zealand
vitrag
silver sterlings
kaxiaa
oomph!
izinc
microcotton
philippine
aadi
otto kern
grace cole
blue perfumes
bushirt
flowers forever
aiva
shopper tree
reema jewels
adara
fastrack
utsukhusii
aventura outfitters
imagica
shivani sood
bullboxer
pierre rene poland
srota
woodblock by manjeet singh
rsvp
red flame
shady ideas
school time
laurels
zoggs
swiss eagle
tng
transformers
browne
dorrissini
even
chalk
kanton
delonghi
shades of envy
toffy house
sly
manish malhotra
addict - a - ball
fostelo
hello kitty
random clocks
tod
terrake
tog
g divas
fast n fashion
columbus
lanofil carizzia
sister's point
veda lifestyle
dr.martens
kenneth cole reaction
kalenji
mistletoe
iipsa
tresemme
energy
payal singhal
life studio
konad
vishudh
expressions
just women
sfarzoh by zuni
tara projects
fission & on fire deodorant combo pack
baywatch
earthy hues
waga
4 pc deodorant combo pack
dr.mariens
aiza
pacific
vescose
splash
rockport
iraya
blingles
united colors of benetton
kilkari
john richmond
boho to soho
miaminx
alibi
china glaze
zap shoes
body sculpture
swan
boohoo
la fantaisie
ungaro
burner
tweens
spy
natio
nautilus
duccatti
liza
lock & lock
ramson
fruttini
luminarc
american traveller
peppermint
nicholas
cr7
arissa
seris
brune
freecultr express
naturalizer
g star
garnier
rain & rainbow
silvian heach
alia bhatt for jabong
kay
white lotus
sia art jewellery
puig
playwell
needle value
miezko
crazy color
vinezia
dhoom 3
lamb
bvlgari
sand dune
crocs
little aiva
alberto torresi
hexbug
kmark
the bombay store
ladida
khazana
polaroid
utsaav
hamlyn
led
airwalk
aana
the who
sourbh sarees
bourne
the vatican
franklin covey
delhi daredevils
m&s
storus
stol'n
pretty one
alleviater
skybags
derby jeans community
coloressence
ralph
ravenn
barbie
noddy
anasazi
twee broer
biggie bean
swiss military
red tape
shibori designs
globus f21
newfeel
rex straut
rukhsaar
teemper
lamy
alexander of paris
jonex
cafe coffee day
polystyrene
polo club of british columbia
peek-a-boo-zoo
co.in
da milano
diana ferrari
toy watch
westa home
oleva
parampara
hidedge
adamis
ac/dc
trudeau
superyoung
rookies
dora explorer
roop kashish
magic fairy
riviera
z collection
tecza
mmilano x'xssories
khadi
purys
i know
glow & glitters
aujjessa
aadaana
thisrupt
garden vareli
unicorn
arrow women
cadillac
adiva
clst (in the closet)
skagen
philips
somyaleger
bossini
aw home
aarika
lloyd
spark
aapno rajasthan
nino cerruti
maskara
triumph
afluence
mario
hush puppies
sensual touch & original deodorant combo pack
pierra cardin
capone
adelheid
kittens
d signer
sg home
4m
westhreads
saprose
arth
kute kids
status quo cubs
priyadarshini rao for stylista
green storm & cool wind deodorant combo pack
james bond
redskin
leapfrog
zain
urban musk
2xl
man of steel
promises
beverly hills polo club
alfred dunhill
stevan
kik
nishka lulla
tivrah
blue fantasy & original deodorant combo pack
swayam
flirtatious
riwaaz
viva deco
air val international
sudarshan silk
pera doce
make up factory
trendy baubles
izod
la firangi
addons
mentor
babor
pani black
l'amore
calvin klein jeans
berry purple
speedo
corner
ladybug
enco
fresh line
knotty derby
folklore
chrome
blue wave
ambika pillai
aarya ethnics
ouaps
softrose
korn
skookie
wizman
freelance
high sierra
bugatti
arrow woman
arkion
lara karen
pepe
incult
monteverde
elle kids
gritstones
helios euro style
pavers england
lord's
we-desi
studio s
home bee
mineral line
florence
kosher
malvin
southpole
cotler
eminence
dazzio
krishna mehta
the x effect
skywatch
mani jewel
kmb
pera
british vogue
ray ban
nikko
classic polo
vedanta
aura bags
bandilino
xdye
herberto
mutant ninja turtles
frestol
lanvin
u c b
ninja turtle
luc.8
s&p casuals
avenger
starlo
rawhide
philips imported
vamil
case logic
ferrari
mont blanc
jason natural
ravensburger
my baby
biara
enchant
paco mena
?-tag
espana
lovely lady
geonaute
parinita
aparnaa
jbj perfumes
pacogil
on fire
ucb
nyah
subhash sarees
generic surplus
adine
barcode 91
leonidas
gkiidz
diadora
matthew cox
footloose
agaro
dhruv pallavi
prada
chanel
vostro
udv
hallmark
nikos
lalique
mumbai slang
opium
classe regina
club york
honey by pantaloons
can
vvoguish
k for women
jachs
cat
merrell
aquamagica
maxxport
miss and mrs
raja saheb
amaira
mocassino
soch
amargiri jewels
step 2
j style
betsey johnson
sheetal jewellery
patagonia
supergirl
kipsta
nineteen
ufo
van heusen sport
incense
organic therapie
romanson
eteenz
chelsea
drvv
jack
treo
teakwood
tribal zone
radico
camay
teo
besiva
lervia
vedantika herbals
de rene
basics
home sparkle
keymon ache
iris
rinky
a3
penny
dfu
symphony
uhl sports
bobell
brandley
prince and princess
shopkeeda
the gud look
status quo
aabeer
dir69
leatherman
saumya
portico new york
natural bath & body
nivia
at
playboy
pehraan
arrow aoman
zuari
yuvraaj
esprit
circuzz
via spiga
ag
ak
my addiction
marilyn miglin
morpunc
kid's ville
cyke
aq
cosmos galaxy
avirate
merastore
celebrations
crown craft
da intimo
oh baby boutique
floral creations
ck
cupidity
peperone
dim
snobz
hogl
guns n roses
soga
helios my ego
cheemo
riti riwaz
toy kraft
sugar her
peridot
chic
dc
che
apple
safari
jessi jordan
trucum
roberto cavalli
intek
uptown
the purple sack
bianca
xcite
orosilber
f2
the indian garage co.
f9
butterfly twist
decorium
blacksoul
marcoleone
unikid
soie
nida mahmood
deco window
es
induscraft
sky kidz
pavers
espirit
i dance
uno
jil sander
gc
forever & folie
gm
inveda
lynyrd
cool wind
chhabra 555
bluestripes
hugo boss
carlos santana
amswan
al zahbi
outgear
hola
fifa
taraash
bkind
hm
smart kidz
akkriti kids by pantaloons
rivosense
viola sky
tnf
vinhem fashion
the jungle book
marc chantal
id
chhota bheem
cappuccino
e-rato
locomotive
john galliano
see designs
wet blue
figo
mac
magnanni
gini & jony
gini
gini jony
jony
kurta with bridges
halsall
hypnotex
wendell rodricks for stylista
smiley
cocoon
vital gear
mbe
bewakoof
anno dominii
toniq
paul smith
sony
jewelizer
kappa
wahl
american club
american bird
guerlain
usi
hoop
envy
harley
allen cooper
asmi
kupiddo
wiils clublife
facetz inspire
sia sparkles
espee
orchid
shreya.mistry
volley
tactic
horo
speed up
armada
izarra
ks
buzz bee
alto moda by pantaloons
elite model's fashion
trendy divva
spread
dsc
campus sutra
plums & peaches
celine dion
21diamonds
avalon organic
lbr
mahasha ji
nano speed
savie shoes
kiaana
sketchers
zalora
ms
hotberry
tonino lamborghini
octave
up or down
design roadies
tiptopp
varah
priyank
fila
bentex
bern
xblues
molton brown
tiskal
joshua tree
ethnic route
la miliardo
seven for all souls
fetish
phineas & ferb
simond
vendee fashions
daniblack
craft
record
ruby
radium
intimate secret
escante
hoss
uttama bhatt exquisite
marc jacob
talent
lee
mandira bedi
snogg
trudecor
eveflor
jesus del pozo
bally
tangerine
maxence by la miliardo
orbeez
diesel
balls
be for bag
vichitra
rico sordi
led zeppelin
arttdinox
indiana
camino
at studio
karrimor
boobot
svelte
tatha
harpa
fission
chessncraft
parfums gres
aquolina
living proof
catwalk
bodenschatz
ringspun
yasaka
polo club
evaflor
aryahi
jeanne arthes
soup
ishis
winfun
ishin
via italia
inc.5
mushky
sempre of london
ruff
lacoste
club avis usa
cutecumber
pari knit
ahaana
thwack
fabroop
bhubaneshwari
urban yoga
sg
biba girls
copperline
kraft
p.h.a.t
ss
kirsten
tantra
hermes
divine trash
otls
my beauty secrets
kanika goyal label
goyal candles
alano
sleep & dream
french republic
beados
timberland
himalaya
scott
veruschka by payal kothari
st ives
nuteez
four seasons
back to school
sole to soul
jockey
firenzi
navyou
jean paul gaultier
bravado
e.bear by olo
cyn
koola anna
eldora
oakley
pannkh
wear your opinion
mmf
ethnicvibe
ecoiffier
enah
shaftesbury
aramusk
donna karan
w2
kaysons
kushi
breez
tagbury
beauty
urban musk & casual deodorant combo pack
under colors of benetton
howzat
honeybumm
olay
wh
brand 1
brand 2
joola
republic of spiel
impulse
marco ferro
jeane
mufti
strollay
vividha
stylemydiamonds
zuska
terrain
bodymark
aerosoles
tshirt company kids
knight n gale
michael kors
ritzzy
afsana
xq
call of duty
sv jewels & pearls
morellato
the house of tara
samayra
arsya
louis armand
captain america
mmlm
vera wang
vestergaard frandsen
foresster
osia italia
aditi wasan
urban influence
z.
saree swarg
daesigner
vegetal
kuhjohl
the real effect london
charvee
coucou
emporio armani
chuck
yc
rechic
vana vidhi natural handmade
leather talks
maiocci
9rasa
outshiny
flippers
animal planet
mrf
bhartiya paridhan
ethnic closet
accessorize
bata lite
span
jacques lemans
united toys
discovery
pierre lannier
trendy
urban nomad
music folks
freecultr
abiti bella
trends
mojave
msc
mavango
msl
emuze
fun to see
reliance
alive
adriatica
c k jeans
veneer
earth conscious
hannah montana
clarity gold
mador
emilio cavallini
casemate
ka sha
adaira
american tourister
juicy couture
tanya sharma for stylista
grace
u.s. polo assn.
christian audigier
s.oliver
bob marley
bhama couture
repechage
mtv
sundrop
charles & keith
ben 10
la roma
gesture
bollywood trends
mua
artengo
grasshopper juniors
lsd
cult fiction
trussardi
outsider
glam & luxe
orange valley
f&d
jayati goenka
enroute men
rat trap
stanfield
alessia74
ruggers young
faberge
mayank modi
capricos
fransa
rcpc
rinku dalamal
banana boat
metal gear
nirvana
yas by vero moda
maurer and wirtz
shibori
earth
naona
mills
golden girl
ishya
mwg
sponge bob
claesens
im young
auburn hill
cofit
11 diamonds
morphy richards
sound magic
salona bichona
g-star
hypro
do bhai collection
vip
pepe jeans
inayat
zaveri pearls
lion king
wonderchef
wood o plast
falke
label ritu kumar
le temps des cerises
bey blade
belladonna
saffire
freedom wear
akyra
aureno
eternal
boxfresh
nishka lulla for stylista
meee
la rochelle
prakhya
pylones
tresmode
images
elle for watches
kashish lifestyle
skin truth
hunny bunny
smokestack
bees
stedman
star's cosmetics
renait handbags
poppers girls by pantaloons
prystal
geniol
bangles n more
rinaldi
ddamas
twisty
radhika aggarwal
be kids
aspen
zuicy
nike
ten on ten
hanburry
meera mahadevia
ocean
tangerine clothing
l'oreal paris
about u
helios snobz
hot wheels
pink heritage
quest
roseacre ireland
walkland
stellen
urban woods
mrignain
helix
yes mom
lining
salt n pepper
epitome
milton
elc
sritika
elf
home basics
steppings kids by olo
yardley
unnatisilks
power puff girls
rahul singh
marie claire
gildan
lawrence & mayo
cocoberry
marc loire
taanz
lavennder
nabeel
be born
laplazeite
friday
winnie the pooh
private lives
adaa's
sia lifestyle
cowboysbelt
ihome
amboretti
armaf
mayhem
peter nygard
juelle
flying space
voi
dkny
victorinox
tripti
tzaro
yogesh chaudhary
vanity collection
davidoff
bonjour
scarleti
proline
broge
deccan pearls
pagarkhi
lacquer embassy
salvatore ferragamo
dolsi
tatonka
pede milan
torlen
antonio bernini
gas/warner brothers
delhi 7
breakbounce
red riding
o layla
get glamr
tigger
sattyaa
prelude
lumber boy
madison new york
rangmanch by pantaloons
nine
loris
combo pack-nike
casual & urban musk deodorant combo pack
lyrics london
stoa paris
duet
vinex
upc
milano x'xssories
nba
ironman
femme fatale
carrera
roman beauty
versace
tamanna
yelloe
faces cosmetics
zuci
carlo rossi
slub junior
sfarzoh
indidori
ripfly
camel active
desibutik
teenage mutant ninja turtles
cubane
versace collection
pazzion
creation lamis
chromozome
pure & fission deodorant combo pack
samsonite
indian terrain
pasabahce
taylor of london
guess fresh
bottega di lungavita
rosy bow
atom
55 dsl
globus
moschino
kandy floss
adidas originals
sweet year
flagon
organix
sahi poshak
gregg homme
egle
gj jeans unltd
xenoh
touch ups
morrio
muela
g sports
dickie
gatsby
poze
welly
pink & blue fantasy deodorant combo pack
tanya rossi
invogue
louis philippe
hallie calie
elle 18
royal mirage
h.e. by mango
kiwie
wella
chandrakala
bburago
alba
arden
zebba
atri
zippo
colour me
arkham asylum
sportelle usa*india
abhiyuthan
hancock
kool kidz
pokemon for playdate
class cavalli
vanessa
d'signer
street 9
wilson
organic surge
duke
ferns n petals
evolve
kimberly parry
335th
christian dior
just cavalli
shea
design house
helios louis armand
plage
doraemon
dvs
sally hansen
dune
aldo
molife
vidaal
teleno
the dark knight rises
posterboy
nair
trident
pakhi by preeti tomar
art forte
p.i.m.p
daiki
floret
la emotio
mia
mishti
lovely chick
raindrops
calzini
wenger
casall
satrang
sia fusion
tefal
euro style
rumour
dxi
britney spears
juliet
nky
mix
femmora
dupe
crimsoune club
alfi
urban country
daniel hechter
vedicline
bebe comfort
jonez
elle time
glamcom
thomas
wonderland
rockford
calligraphy
y & s
heroine by jinaam
greenfibre
free authority
shilp kala
tecnifibre
zuni
cupcake celebration
parihan
ginni
color cocktail
dollar
make my day
crazy palette
aawrun
omax
marc jacobs
aiva 5th avenue collection
dunhill
molto
parragon
reit
vitamins
i heart makeup london
palm beach
rosehip new zealand
mojo
powerpuff girls
manyavar
wendell rodricks
noi
tapyti
dermalogica
blotch
rajdeep ranaawat
myraa
fabindia
sonjiya
sareez
vida
souminie
style&co.
london bridge
garcia jeans
melange
harissons
shorty capone
crusoe
kings craafts
gloria vanderbilt
rachna
dorothy perkins
calgari
disney by july nightwear
addict
archise
o3+
corelle
stephen joseph
montblanc
crazi darzi
rampage
vidal sassoon
jm-just mine
zirh international eau
glamazone
citywalk
basicare
alfa bravo
babe's studio
alma
ivory tag
angry birds for playdate
satyavee designs
obsessions
indian hub
identiti
art d'inox
russel hobbs
columbus gold
arezzo
identity
pink paradise
rangini
cars
campus
geoffrey beene
st pauli
parul grover
all brands
nuroma
ffreak
roadies
mool
kyla
sakamichi paris
susme
meltin
mishka
campri
geox
sringam
levi's
antonio banderas
vogue
aroma treasures
ouxi
hallie
fashion-downtown
helios sweet caprice
bhaarat bazaar
charlos
u v & w
doodle
masters
poppers boys by pantaloons
calvin klein underwear
g&d
biobloom
jugnu
ethnic closet limited collection
copag
peaches
spicy love
denman
fluxx
infancy
nitrite
harvest
nanni
boss
morph maternity
brijraj
ventura
alvaro castagnino
pien dairy spa latvia
fatkart
phineas
quarter spoon
character
ajmal
einstine
nivea
mesleep
lautus
colorbar
xora
oxbow
yonex
rsvp by roli and saurabh
trend18
hang n hold
harry potter
wonderbra
casmara
stardox
alcott
adaa
nikhaar
n-xt girls
spiderman
the furniture republic
lalana
zebra
lola skye
cubic fun
tiana
espiral
idance
siover
shwa
hs jute craft
vanesa
claude lorrain
dc comics
nyk
vine
crayola
i love goa
caterpiller & meryl
davinchi
polo
nyx
modacc
maspar
gifting ideas
meiro
mind the gap
indian by manish arora
signature
little mommy
cottinfab
vinod
baldessarini
design o vista
berry peckers
u.s. polo assn.
entropy
linen love
kira
moxi
axwell
yaya
karma
fkf
gucci
mercurii
fopping
arnette
ambica
mytri
envirosax
accent decor
holii
flora
neoveda
lexon
bag forever
trinketbag
hugo chavez
divaat
sweet year by olo
club fox
vintage
morgan
jack & jones
flx
style homez
indusdiva
joyks
zink london
tarzan
featherlite
jazzup
stella maccartny
jacknjewel
xoxo
frenchtrendz
zalando
libaas
secret temptation
niket mishra
revv
woo
wos
anaya
kiss
craft traditions
lastrum
beebop
fnf
trunki
starx
aristocrat
k.s.petal
fns
wpc
happy shopping
wills lifestyle
heart 2 heart
lux lyra
viva
rugoe design
jeane blush
bohemia crystal
scooby doo
max mara
zeal
lil one
use me
tie rack london
turtle
pink cherry
jadise
the stiff collar
planet bike
exotica
emper
belmondo
monteil
heritage
chemistry
goodbells
lacxo
vov
little rascals
super dry
deal jeans
santas
billi bi
jabong collection
zwart
rani pink'k
amore
n-gal
daniel klein
stupid cupid
zalando shoes
zeco
slumber jill
airfield
spaces by welspun
wake up competition
report
sector
people
prettysecrets
birkenstock
ore10
espelho
titan skinn
good things
leonardi
hidekraft
hunar
bellfield
benetton kids
hiba
footlicious
manvi
john
itanano
aquador
celio
antiformal
blueberry
zeel
floyd
fontal
mosaic
pieces
sarah jessica parker
betelnut
key west
playskool
colori
karen scott
square
fsy
arena
vaseline
evetoes
colors
givenchy
marvel heroes
bblunt
vovoka
touch trends
foot petals
jb studio
millefleur
ritu kumar
jojo
razer
bansi
welspun
restart
clocharde
divine art
dhwani
marvel avengers
me jewels
astron
ishoes
anita dongre
coqui
airovit
pluss
maui jim
wwe
pinq chiq collection
french connection
sheer skinz
nee
sakhi sang
dennis morton
makeup revolution london
stalk buy love
deha
mona glamour
crosscreek
roommates
bas vampire
la parisienne
ogx
crabtree & evelyn
elizabeth taylor
karya
portico
dry lake
sattika
january rose
bollywood replica
panasonic
joma
giorgio beverly hills
tbase
aura
koboy
tonga
promens
feank foot
lolita lempicka
take me home
zatude
lamere
french connection underwear
salon hits
wym
public
thalgo
plume
gear
dreamberry
elitus
incynk
femella
madagascar 3
champion
tifosi
mark home
bubblegummers
hubland
zeki
butterfly
auravedic
skokie
volare
enfin homes
monte carlo
luella
cobblerz
travel blue
riverinc
pardigm design lab
flying machine
dirt complet edition
extreme
arrow new york
formula-1
vani
quechua
sigg
ikiz
angry birds
vans
manchester united
warewell
luvely
pilot
kara
furla
being human
che guevara
jessica mcclintock
leather class
fission & original deodorant combo pack
parksons
hike
smiley world
krrish 3
true wanderer
cherokee
joop
grasshopper
beebay
reyane
amarsons
bruman
fossil
seasoul
skechers
home expression usa
big wasp
surily goel for arissa
saviq bee venom new zealand
morelatto
alfa
toy story
madhuban
scullers sport
red rose
colorica
r home
fort collins
kuroki
metco sports
gosen
ambadi
minikins
art emporio
street wear
deziner boutique
katt
berge
anne klein
go go thomas
rootcauzz
ponds
uptowngaleria
parikrama
espresso
religion
runner chief
fairwind
wishful by w
charles jourdan
clyda
forest essentials
silver's
fidato
anahi
preeti s kapoor
cygnus
pinqchiq
giorgio velenti
mafrc
von hachi
vector-x
malhar
species
animal
cheerful
forever new
noritake
feminista
vedikas
b.kind
6by6
namo
bodygraphy
gap
eminem
karishma shah
sanskriti
sincere
sabhyata
bendly
zest
salwar studio
kasab
passi belle
belmonte
twin bird
hubberholme
murcia
imli street
siyaram's
blue fantasy
kaya
swarovski create your style
hype
perfumer's workshop
rvlt
taurus
chirpie pie by pantaloons
mango kids
via soho
colormode
jove
not bad
imperial leather
jimmy choo
surreal
tshirt company
kiale
guy laroche
aurelia
home heart
myck
swiss polo
vitamin a
fash-a-holic
planes
sunev
andrew hill sport
theresia m.
rivaaz
vakaro
mysin
the design factory
maskaara
pennline
wild republic
fabfurnish
zevrr
nickelodeon
colors couture
h&m
nu9
sarvinis
unamia
anubha
inkovy
masuri
moh manthan
wake up
ruggers
sahiba
hitz
asian pearls
the denim engineers
silhouette
wilkins & tuscany
stuart weitzman
macroman
karen millen
pocket money
gfq
enelle
idha
intima
tickles
classics
nun
jaipur kurti
the courtyard
feelings
genesis india
chloe
mee mee
giovani
bonaty
laxmipati
innocence
story@home
lee cooper
diovanni
fame forever
2 pc on fire deodorant combo pack
sonia jetleey
tuxedo
pierre cardin
ilo
bergamot
chenhao by nell
collectabillia - sachin
lucy secret
doreanse
let's dance
daffodil
ayu j
profondita
elisabetta bartolli
danish design
divina
blue buddha
bandolino
mehrasons jewellers
hot ice
senorita
aqua doodle
enroute women
cotton county premium
veni vidi vici
victor
nirlep
scullers
sattya
lazreena
house this!
tumi
bronz
bronx
le-fore
lancome
swarovski gems
gki
98 degree north
only
simpsons
stellar home usa
neopack
herbal bionature
coleman
timex
satya paul
weinbrenner
kurti's
adda
swatch
english blazer
desigual
velloche
uni style
saje
oks junior
tommy hilfiger
ambi toys
viro
hatcher
force 10
chennai super kings
lockstoff
buckaroo
stiga
kenneth cole
dolce & gabana
california
sonata
greenobag
victoria delef
said
justanned
wmf
radico sunab
arabian night
hidesign
montagne jeuness
candy's
titan
peora
b'witch
wasan
rinku dalamal for stylista
adore me
caparros
william rast
612 ivy league
phytomer
american swan
jack & jones
prokennex
baby looney tunes
kiara
dr.denim
your turn
quirk box
under colors
swiss design
gola
cavallini
siddartha tytler
valehri
firemark
ikom collection
spring break
sher singh
navvy silver
iv pl@y
ilk for jabong
viviana
fnb
soap story australia
wow
caesar's world
sparkles
la zilver
vaamsi
aerosmith
toni & guy
sant
saminc
cacharel
swaroskvi
archisha
kidsville
quiksilver
hot berries
j collection
sharnam art
regent polo club
free living store
desi connection
fisher price
fox
h2x
chronostar
vero moda
up down & trendy deodorant combo pack
carex
marc ecko
bulchee
avengers
brushman
manufaktura home spa prague
fisher space
laken
phive rivers
wills classic
destudio
baggit
lapidus
rooh
obidos
caterpillar
karl lagerfeld
sandak
mr button
presenta
peppertree
bcb girls
tokyo talkies
avon
ferre
aigner
talking threads
farenheit
egoss
kanvas katha
gio collection
steppings
little india
athom trendz
paco rabbane
q&q
jennifer lopez
zucchini
michal kore
ruthless
miami blues
annabelle by pantaloons
standard chartered mumbai marathon
lotto
follie
clarks
hike - height increasing shoes
little darling
x by gottex
vector
live in
naf naf
li-ning
seidensticker
18 fire
adexe
casino parfums
time option
flap doodle
lisca
ilex
libas
sara
bright starts
preety girl
ninja hattori
wallies
adpc
franco sarto
chorr police
saphisto
stilo
sportking
liz claiborne
pangea organics usa
kipling
cheri
go bahamas
rajnie
lamora
2go active gear usa
d'decor
roar and growl
rattrap
dikson
floy
sunburn
andrew hill
us polo assn
my ego
silk bazar
obviously
stykin
silverlit
power rangers
my o baby
grass
itnol
hawk
punch
fungus
kaizen
peter england
street wear color rich
gabi life
skullcandy 2xl
reid & taylor
parisvally
georgio beverly hills
ms entra
airtel delhi half marathon
louis olivier
welhome
trend
blue wave & up down deodorant combo pack
lmfao
krishti
mickey & friends
nins moda
fantasy
bormioli rocco
santa cruz
caratlane
remy latour
adybird
warner brothers by mesleep
rangriti
bitterlime
big bang theory
tresmode(high end)
lakme
kidztech
narumi
flud
platinum
stalk.buy.love
purple nasty
shilpi
sbuys
47 maple
grace by miraaya
ezra
tossido
john ledlie
willy winkies
marvel comics
ethane
jesse mccartney
royal diadem
red chilli
glidermen
jogur
hangout
nittaku
ck jeans
swiss army
dreamgirl
origin
glamour girl
elvis
erbario toscano italy
alba botanica
power break
oli
venice beach
silver princess
mr men little miss
olo
sublime
cerruti 1881
franco leone
opal clocks
d-green
estelle
royal copenhagen
akrti
arpn's
style centrum
pietaan
flur
sf jeans
play n pets
natt-g
helios viva aroma
john players
concepts
admu belts munich
euphoria coins
gerber
roxy
roxx
latin quarters
instyle parfums
airfix
paislei
vandana sethi
prefect
mickey grunge
cetaphil
miss bennett
onn
brats n dolls
surat tex
netaya
bio world
wildstone
banish
daphne
the vanca
natural honey
kaaryah
rubiks
h.i.s.
jagdamba pearls
anuttama
9 to five
jagson
spongebob
la creativite
pierre rene
schwarzkopf
jolidon
closet ranipink
narcisso rodriguez
inkfruit
slazenger
sanchari
chicco
daddy's capes
les lolitas
opi
clip fresh
tommy
gipsy
eve & ella
tom ford
soulflower
stylista
ives
western route
tiny girl
kookaburra
pink floyd
azzaro
cotton county
@home
estee lauder
avani
hcl
the caterpillar express
marc by marc jacobs
scentra
debashri samanta
colorbar cosmetics
urbanwoods
psy
gas
seeya
aaboli
lalit sengar
apepazza
skins
narciso rodriguez
relax
spykar
isiss
cheek
erke
voile
akkriti by pantaloons
element
byford
funk
asics
baby dreamz
schwof
collectabillia - dhoom 3
viva n diva
blue heaven
gabambo
snug hug
biba by rohit bal
idee
citrus by vidhi and vartika
t10 sports
playdate
miss claire
fashion police
zoey
love from india
fume
ted lapidus
kung fu panda
alba by seiko
northern lights
clarus
nautankii
moda desire
whooz
biba
castle
sahara force india
dunlop
vagabond
perfumes de famille
yves saint laurent
krishna balram
ginger
massimo italiano
sumrita
irock
john lenon
paduki
eavan
giordano
zoha
donna and drew
jacomo
floid
bluhmod
dezaina
mariemeili
jean louis vermeil
golden peacock
banana peels
shoot
nina ricci
yellow jeans
st-martins
la zoire
polo league
pure play
baby phat
energie
anthra melange
cocobear
rooba by olo
victorinox travel gear
think positiv
gaurav gupta
platinum league
karleo
caran d'ache
lovable
monza
miss selfridge
helios alive
stamp
camel mountain
anta
gloria garcia
spicy love & original deodorant combo pack
batman
escada
do bhai collectionel
marriner
tomatillo
krafftwork
braun
sultan the king of kurta
enkay
aashima
georgio armani
dastak
anatomie
alfani
power trains
zorro
sixth element
soultree
hilook
carpedium
coach
vedic
prom
azure decor
prestige
gildermen
kennady
craft & culture
choclate
ayesha
mister classy
armaan aiman
zoob
interblocco
ivoc
beatles
mango
madara
lady lyka
meira
tend skin
markrich
fruit of the earth
unit 27
desi weaves
zoop
lodge
kiepe scissors
nayab
christoper wicks
marco tonino
nirankar
franco roma
miyo poland
rhysetta
superkids
ratnakar
c k
aalya
elaborado
blue parrot
knight n gale (england)
4711
nickoteen
lego
dori
xny
miss rich
akkriti mens by pantaloons
spyra
tejoo fashions
ashika
avishi
faballey
nineteen shoes
friis & company
gitanjali jewels
samaya
urvashi joneja- label
gillette
blue bees
azalea
king & i
parx
fcuk
tracer
alia bhatt
jojo maman bebe
fritzberg
dora
cult ficton
any walk
cloe
casual & trendy deodorant combo pack
escan
delize
hopscotch
vantive
restless
casio
msquare
bombay high
vivid india
lithium
modelart
sahiba hypno
black coffee
extreme & sensual touch deodorant combo pack
bruno banani
american derby polo club
zoot24
nirwana herbals
evolution
clinique
simpson
priyadarshini rao
bridalme
lord & berry
silky
anna maria
goddess women
artjini
centy
provogue
princess
cuba
ivanka trump
ysl
2xl by skullcandy
sensual touch
dermatopoietin
cube
blanca
adora
blue saint
silk weavers
steenbok
sfarzo by zuni
disney princess
colorlife
trylo
austin reed
waves
nauti nati
little marcel
inego
greenapple
metro
colour splasherz
papillon
qq angel
mua makeup academy
mumbai indians
tom & jerry
bhpc
mint
killer
toebuk
r&c
alpha man
filone
la romani
bodyguard
riverstone
popeye
jaguar
calvadoss
florsheim
molcha
maglite
silver queen
meylon
pier one
kalista
hud
dv mayia
cloak & decker
votre
a&f
a&g
f sports
velvet burst
lino perros
artwood
a&n
paris hilton
hitachi
stilestreet
tiny baby
shanty
contempo
parfum d'or
wolverine
imagination
bizarre
oligodermie
juliana
carlos
kangaroos
david jones
maco
surya sarees
breo
billy idol
ambassador
swedish house mafia
hasbro
a - progeny
fabtree
paprika
aivin
cool quotient
fahd khatri
amzer
done by none
joe snyder
f factor by pantaloons
rocky
rham
jacques passion
shalini arts
panache
alpine
topps
jimi hendrix
zoya
leiulo
manish creations
ogio
nokia
shree
giani bernard
vegas
triveni sarees
adorabelle
fruit of the loom
the amazing spiderman
global desi
priyal artz
beer soap company usa
monteil & munero
pinnacle - shruti sancheti
chumbak
allen solly
harleez
funky town
amari west
oviya
ramdev sarees
optima
ben lee
betty
wave walk
fred hayman
oclock
tulsattva
riot jeans
follow me
archie
kiss kriss
b bitch
neeta lulla
orewa
mectech
urban religion
rocia
thomas scott
tomato
arya fashion
suenos
esca
esbeda
femme
mahi
play-doh
h by hudson
nyassa
cairon
girl only
toscee
weaves
guess
lubaba
the yellow door
varenya
pink ribbons
pink 18
bindhani
ira soleil
joyyou by olo
michael jordan
gopeeka
antonio puig
fuchsia designs
colors in accent
hanes
rebecca
flux
opal
adidas
eurolux
kbsh
ezeebags
astonia
chugginton
bella rosa
loony tones
studio west
sparshh
tmnt
femenino
aoking
rider republic
bridal
leffet
nabaiji
taiga
silverswan
animale
lamaze
yumi
mosmann
miyo
yo! jelo!
looks
allen solly junior
estd.1977
aabroo
new feel
spalding
masaba by vishal
yackfou
tvam
us gear
saint pure spa usa
club sport
gj baby
borosil
naughty ninos
wonder woman
st. cloud
fudron by olo
dvine
muelhens
remington
acnah
chanze
wild woman
blue fire
levis
poe
skullcandy
apple bottoms
comedy central
design we
secret 18
vishal
west port
tie rack
copperstone
spacewood
marc o'polo
sampada ethnic
albion
no code
sprint
biotique
stag
nisa pearls
madagascar
yas
timsy & siddhartha
angel glitter
tanya sharma
yellow apple
scottish
cerise
hot muggs
dermawear
mayra
the elephant company
bhootsavaar
rinku sobti
ethnic dukaan
nutriglow
woka
wintage
chhabra xclusive
sweet dreams
style by prafful
ed hardy
sleep
polo class
sleek
music
aerolite
wingsfield kids
aawwww
eske
eti italy
uzazi
barbasol
v-prefer
kwacha
lesley
v dot
dezine cults
joker
natural indulgence
ab's closet
ozone ayurvedics
marquee by veromoda
gillette proglide
remy laure
intu
coolers
stylenmart
spy gear
haemmer
kingcom
dezignare
kuja paris
asterix
sleepwell
bata industrials
marc
shrek
swarovski
combodeal
sterling
jacques farel
power ranger
yuvi
funskool
paani puri
little kangaroos
little miss
preggear
step
c.o. bigelow
nitya bajaj
olo collection
okane
vinenzia
admyrin
edc by esprit
loqi
lgaa
numero uno
zaffare
navvyya
mahotsav
betty barclay
kshitij
aum kids
pipa bella
torino
elespry
mafatlal
faber castell
seven seconds
papple
orangetree
mr. men little miss
maxima
little marco
paco rabanne
thierry mugler
brut
bata
monte michelin
seiko
ralph lauren
enroute
362436
swagger by saj
hornit
fire & ice
mr. bean
meo home craft
india circus
original & extreme deodorant combo pack
regal
inddus
ulric de varens
herbal essences
new look
issey miyake
newport
utsukushii
vengaboys
klaus kobec
bharat plaza
plums and peaches
caron
ratnakar the art of jewellery
vizzari
fizik
amelie
dark knight
bacca bucci
vialis
ganuchi
rotary
silver streak junior
deo combo pack
giorgio armani
rohit bal for jabong
cation
we witches
alessia
ayaany
princess flutterby
illuminations
laurels original
try me
hi look
fiesta
nilkamal
tortoise
suxus
fs mini klub
schiffhauer
imc
desi drama queen
horsefly
rollerblade
larissa
madden girl
the simpsons
bagsy malone
striipe
portia
red russel
nino bambino
foschini
dasuccesso
wills sport
love
crimsouneclub
faconnable
e.bear
dressvilla
north shore
i am for you
raymond
la briza
nautica
windsor
a&c signature
rein lifestyles
kidstudio
warner
cartier
nidhi munim
sheaffer
america
trishaa by pantaloons
porsche
sisley
saeko
red lorry
the nature's co
sattvik organics
macadamia
amswan by american swan
simba
wineberry
cosco
genesis
zoom
trucum collection
original source
ocean pacific
rak
original
lotus bawa
fun toys
raymond home
nintendo
pepper
phosphorus rugby collection
silver shinings
bliss
alluxe
passion star
kason
homme
0 degree
amydus
touchstone
scandale
shree shubh ethnic
skipper
zirh international
dandy
la isla
sand dunes
quittance
sassoon
kenzo
waltz
kalpaveda
exclusive trends
rcr
pharma line
united color of benetton
macro moda
inliving
hangover
a by arden
miller & schweizer
saturator
urthn
pacific gold
newray
satyapaul
effit
mustang bodywear
le coq sportif
just herbs
aesthetical cubes
via uno
wild ferns
dove
stri
miss alibi
majorette
color kathaa
catmoss
she pic
nurturing green
topdeal
bad boys
aptura
everlast
flickz
rasasi
power
blowfish
iti
boucheron
hrm
umbro
smoby
the body shop
o3plus
savile row
siyora
alfabravo
go fab
halston
bon organik
megadeth
grasshopr
adolfo dominguez
gogirl
happy hippie
goodiebag
blue button
blue duck
touch beauty
svarikaa
indian touch
toes
american crew
gloss italy
navvya
pick pocket
purple turtle
cantabil
umbra
juniors
younger
b&c
jajv
gardenia
revlon professional
rolling stone
ycode
rica
radico colour me organic
lilliput
montagne jeunesse
john miller
leecooper junior
bareskin
mist
mahi jewellery
pab jules
sole fry
aakshi
ruhaan's
the body care
abhi singh
prestitia
bling
sports 52 wear
seven rays
tarama
euphoria
20dresses
raaga
ride & on fire deodorant combo pack
3 mad chicks
french factor
man u
roberto vizzari
liverpool football club
mineez
image
captainkyso
bill blass
reeny
president
studio shubham
ambaji
sepia
ziama
la plazeite
earthen me
hermoso espana
fashion n fabrics
kanelle
axum
mother earth
nine west
surily goel for brijraj
a v international
escort
ride
mtv muah by blue heaven
zeeshaan
walk n style
elizabeth arden
talk of the town
amari
sunta
west rock
fundoo bundoo
rigo
killer loop
camelbak
gear4
borse
fornarina
carpet couture
sanfrissco
sangria
vibrant india
kiara jewellery
homeblendz
garden silks
mumbai city fc
truchef
ek do dhai
wild ferns new zealand
auman tare
grand step shoes
burberry
jonny's
waterman
tanglen teezer
zyne
frank
arcuisine
menzone
yell
svida
dazzgear
gianni venturi
ekta
parvati
big star
alfred sung
dirt showdown
atrose
soleus
monopoli
steve madden
aveeno
nell
tomica
tong
finesse
spygear
laven
lonsdale
roxxii
happy hours
vlcc
senterlan
samanta
sklz
palette
alx new york
adwitiya collection
silver strings
parchayee
treadmill
tattoo goo
burton
rizir
urban life
ffc new york
gili
vichy
fashion stylus
jheel
urbana
treasure hunt
satya
miss chase
fabio leonardi
urbane
shuz touch
little heart
valeska
apl
ginnie
gupta textiles
lavie
resham dhaga
dockers
tru vino
world player
carlton london
jovees
funkytown
eagle
landscape
baby league
gini & jony palm tree
jcb
rsl
aesha
bazel
nutts
scoop street
fashion205
vinenizia
green day
paakhi
ami-victor
wills
silk india
truhome
garfield
bo'bell
dolce vita
mr men little
only play
woly
woodland
raven + rose
caprese
aomi
mothercare
bboy
prafful
sg collection
baby alive
viva aroma
revlon
life stride
theo&ash
antonio bandares
united fun
scholl
roklite
ruh
dr. scholl
ice
neutrogena
assasins creed
bhoomi
miniklub
bizzare
luxor
puro by charmor
vrinda
kanshi
k&u
sparx
furniturekraft
ajile kids by pantaloons
fiorella
juniper
tred flex
adira
latitude
fiorelli
vaunt
metal
tease
style quotient
butterflies
bodycare
donic
modern
jack n jones
hurley
atisundar
le bison
gliders
yogesh chaudhary for stylista
excalibur
marc socks
pique republic
krrish
solovoga
clifton
entropy sarees
ruggers gear
pigeon
shopping oye
advika
springwel
g-star raw
avm
leaf jewel
hues
imara
gitanjali
heads up for tails
jinaam
r tisan
action
asepta
galicha
peach
forca
north star
cartoon network
colorplus
liberty
amante
rema kumar
d & y
bombay high sports
girigauri
citizen
slub
gamini
aurave
andis
neva
adriana & gabriella
chris adams
cherymoya
time wear
mini cupcake
code 61
hugo
keona
mb collection
wasabi
silver streak
aqua sand
maybelline
lancer
sons of jpn
cristal d'arques
neels
neeli
calvin klein
geologic
callmate
givo
dico copenhagen
monomer
oilcraft naturals
la arista
gummy bear
corioliss
suhi
banana republic
helios regal
d & s
tops and tunics
alessio69
converse
next
claesen's
apaache
undercover
d & g
iron man
dsquared2
chitwan mohan
dirty laundry
metco
vanilla moon
megha garg
flying colors
babolat
carpe diem
parfums jacques evard
unlisted
trendy girls
hulk
raga
canvax
4you
peacot
air show
o.k.
allexue
zuddha
prozone
us polo
all good scents
benera
plumeria
lucera
remanika
seven seas
donnay
27ashwood
surkana
stybuzz
awkenox
yedoo
niharika pandey
laopala
ilina
calvino
servewell
rasaa
utsokt
fos lighting
tamaris
candies
keds
kleos
red country
chalk by pantaloons
mbym
adidas golf
deborah
u.s. polo
ld active
caprina fresh goat's milk canada
sangini
riya
am pm
vogue tree
john morris
canary london
lyla
lemon/pepper
k22
sunshine
softkids
marilyn monroe
mua makeup academy london
groovytexx
ozel
ruhmet
109Â°f
peek a boozoo
hirsch
big wasp by olo
maple
blac label
blumerq
adour
police
leafcutter
l'elegantae
footin
rab
beckham
babyliss
bright fashion
minnie
my foot
boss orange
valencia
newhide
ebano
jack and jones
assn. polo
109f
109 f
rain and rainbow
fc barcelona
topshop
top shop
topman
top man
blackberrys
blackberry
uni style image
usi
uni
uni style
con 11
redtape
