Dodger_blue
Ultramarine
Electric_blue_(color)
Indigo
Caribbean_amber
Air_Force_blue
Periwinkle_(color)
Ao_(color)
Cobalt_blue
Blue-green
Bleu_de_France_(colour)
Bice
Violet-blue_(color)
Han_purple_and_Han_blue
Navy_blue
Alice_blue
Cambridge_Blue_(colour)
Azure_(color)
Palatinate_(colour)
True_Blue_(color)
Powder_blue
Glaucous
Teal
Persian_blue
Azure_(heraldry)
Zaffre
Phthalocyanine_Blue_BN
Midnight_blue
s_blue
Majorelle_Blue
Capri_(color)
Yale_Blue
Columbia_blue
Royal_blue
Prussian_blue
Duke_blue
Non-photo_blue
Blue_in_Judaism
Bleu_celeste
Tiffany_Blue
Steel_blue
Iris_(color)
Baby_blue
Tufts_Blue
Eton_blue
Cerulean
Cornflower_blue
Cyan
Carolina_blue
Sapphire_(color)
Oxford_Blue_(colour)
Blue
Egyptian_blue
UCLA_Blue
Maya_blue
Blue-gray
Turquoise_(color)
International_Klein_Blue
Violet-blue_(color)
Heliotrope_(color)
Orchid_(color)
Rose_(color)
Shades_of_purple
Lilac_(color)
Palatinate_(colour)
Periwinkle_(color)
Tyrian_purple
Han_purple_and_Han_blue
Purple
Lavender_(color)
Mauveine
Mulberry_(color)
Dregs_of_wine
Mauve
Cerise_(color)
Violet_(color)
Fuchsia_(color)
Eggplant_(color)
Byzantium_(color)
Red-violet
Plum_(color)
Violet_light
Peach_black
Rich_black
Mars_Black_(pigment)
Isabelline_(colour)
Sable_(heraldry)
Silver_(color)
Taupe
Pale_silver
Cadet_grey
Slate_gray
Blue-gray
Grey
Platinum_(color)
Bistre
Glaucous
Cinereous
Ebony
Vantablack
Shades_of_black
Taupe
Graphite
Midnight_blue
Black
Carbon_black
Mars_Black_(pigment)
Rich_black
Onyx
Jet_(lignite)
Smoky_black
Olive_(color)
Shades_of_color_templates
Perinone
Gold_(color)
Coral_(color)
Lion_(color)
Brown
UNECE_Amber
Champagne_(color)
Gamboge
Safety_orange
Sunset_(color)
Rust_(color)
International_orange
Tawny_(color)
Tangerine_(color)
Salmon_(color)
Navajo_white
Dark_salmon
Pine_green
Moss_green
Android_green
Sea_green
Spring_green_(color)
Myrtle_(color)
Gray-asparagus
Phthalocyanine_Green_G
Ao_(color)
Honeydew_(color)
Islamic_green
Forest_green_(color)
Cyan
MSU_Green
India_green
UP_Forest_green
Shamrock_green
Verdigris
Office_green
Kelly_green
Yellow-green
Rifle_green
Persian_green
Lime_(color)
Lincoln_green
Olive_(color)
Sacramento_State_green
Lime_green
Green
Green_in_Islam
Spring_green
Jade
Green-yellow
Forest_green
Cal_Poly_Pomona_green
Emerald_(color)
Paris_Green
Fern_green
Tea_green
Olive_Drab
Pigment_green
Bice
Sap_green
Caribbean_amber
Chartreuse_(color)
Blue-green
Army_green
Olive_drab
Harlequin_(color)
Acid_green
Turquoise_(color)
Vert
British_racing_green
Dartmouth_green
Camouflage_green
Citrine_(colour)
Asparagus_(color)
Spring_bud
Electric_green
Bright_green
Jade_(color)
Hunter_green
Jungle_green
Pear_(color)
Cordovan_(color)
Coffee_(color)
Sepia_(color)
Bole_(color)
Drab_(color)
Burgundy_(color)
Lion_(color)
Copper_(color)
Wheat_(color)
Brown
Titian_hair
Pullman_brown
Khaki
Fawn_(colour)
Umber
Mahogany_(color)
Liver_(color)
Indian_red_(color)
Bronze_(color)
Rufous
Russet_(color)
Sinopia
Buff_(colour)
Bistre
Fallow_(color)
Fulvous
Sienna
Citrine_(colour)
Ecru
Tan_(color)
Chocolate_(color)
Maroon
Isabelline_(colour)
Rust_(color)
Auburn_hair
Camel_(color)
Tawny_(color)
Kobicha
Desert_sand_(color)
Mummy_brown
Coyote_brown
Chestnut_(color)
Seal_brown
Ochre
Taupe
Baker-Miller_Pink
Mauve
Mexican_pink
Pink
Puce
Amaranth_(color)
Coral_(color)
Fuchsia_(color)
Rose_(color)
Magenta
Fuchsia_(color)
Orchid_(color)
Rose_(color)
Mustard_(color)
Pigment_Yellow_10
Icterine
Lion_(color)
Or_(heraldry)
Straw_(colour)
Urobilin
Yellow
Olive_(color)
Saffron_(color)
Pigment_Yellow_81
Cream_(colour)
Diarylide_pigment
Pigment_Yellow_16
Navajo_white
Jasmine_(color)
Old_gold
Chrome_yellow
Isabelline_(colour)
Mikado_yellow
Fulvous
Citron_(color)
Lemon_chiffon
Vanilla_(color)
Gamboge
School_bus_yellow
Lemon_(color)
Titanium_yellow
Jonquil_(color)
Pigment_yellow_83
Aureolin
Sage_(color)
Buff_(colour)
Arylide_yellow
Gold_(color)
Harvest_gold_(color)
Selective_yellow
Khaki
Naples_yellow
Stil_de_grain_yellow
Dark_goldenrod
Citrine_(colour)
Hari
Pearl_(color)
Vanilla_(color)
White
White_wine
Seashell_(color)
Cosmic_latte
Cream_(colour)
Isabelline_(colour)
Whiteness
Ivory_(color)
Magnolia_(color)
Eggshell_(color)
Anti-flash_white
Teal
Rainshower
Tiffany_Blue
Blue-green
Cyan
Baby_blue
Cerulean
Turquoise_(color)
Aquamarine_(color)
Alice_blue
Midnight_green
Robin_egg_blue
Viridian
Aqua_(color)
Verdigris
Electric_blue_(color)
Persian_red
Carnelian_(color)
Fire_engine_red
Raspberry_(color)
Wine_color
Ruddy
Crimson
Falu_red
Burgundy_(color)
Coquelicot
Upsdell_red
Alizarin_crimson_(color)
Fulvous
Carmine_(color)
Rosso_corsa
Coral_(color)
Red-violet
Red_wine
Rose_(color)
Oxblood
Gules
Turkey_red
Tuscan_red
Terra_cotta_(color)
Rufous
Amaranth_(color)
Mordant_red_19
Fuchsia_(color)
Puce
Red
Wine_(color)
Chestnut_(color)
Indian_red_(color)
Cardinal_(color)
Sinopia
Perinone
Scarlet_(color)
Maroon
Rust_(color)
Lava_(color)
Venetian_red
Candy_apple_red_(color)
