palazzo
leggings
kurta
sling bag
lhenga choli
trousers
shirt
jeans
shoes
sandal
kurtis
t shirts
beauty_equipments
beauty_tools
salon_equipments
salon_furniture
scarf
bandana
cufflink
bow_tie
suspenders
pocket_protector
formal_insignia
headband
glasses
sunglasses
smart_bands
umbrellas
footwear_accessories
beret
baseball_cap
knit_cap
fedora
hat
helmet
hood
toque
turban
veil
muff
jewellery
wearable_devices
belt
cummerbund
handkerchief
gloves
necktie
fashion_accessory_brands
neckwear
coin_purse
handbag
buttons
shawls_and_wraps
sash
pocketwatch
wristwatch
wallet
gaiters
boot
flip-flops
sandal
athletic_shoe
court_shoe
dress_shoe
slipper
sock
spats
stocking
swim_diaper
one-piece
square_leg_suit
rash_guard
dry_suit
wetsuit
trunks
bikini
boardshorts
swim_briefs
monokini
parka
paletot
guards_coat
robe
shrug
windbreaker
apron
cut-off
raincoat
sleeved_blanket
british_warm
hoodie
blazer
shawl
ski_suit
gilet
cape
duffle_coat
chesterfield
covert_coat
poncho
cagoule
flight_jacket
goggle_jacket
harrington_jacket
leather_jacket
mess_jacket
safari_jacket
smoking_jacket
opera_coat
overcoat
pea_coat
sport_coat
trench_coat
ulster_coat
waistcoat
womens_clothing
sheath_dress
jumper
little_black_dress
bouffant_gown
formal_wear
house_dress
strapless_dress
frock
shirtdress
ball_gown
cocktail_dress
gown
coatdress
evening_gown
débutante_dress
wrap_dress
sundress
wedding_dress
princess_line
slip_dress
ballerina_skirt
pencil_skirt
prairie_skirt
denim_skirt
miniskirt
a-line_skirt
rah-rah_skirt
skort
wrap
tutu
sarong
s_skirts
suits_and_uniforms
kids_clothing
palazzo_pants
chaps
capri_pants
cycling_shorts
bell-bottoms
cargo_pants
high_water_pants
phat_pants
lowrise_pants
windpants
bermuda_shorts
dress_pants
leggings
pedal_pushers
yoga_pants
slim-fit_pants
shorts
overall
jodhpurs
parachute_pants
jeans
bondage_pants
sweatpants
babydoll
blanket_sleeper
negligee
nightgown
nightshirt
pajamas
mens_clothing
midway_briefs
plastic_pants
boxer_shorts
slip
boxer_briefs
underpants
briefs
panties
thong
diaper
bodysuit
long_underwear
playsuit
teddy
bra
camisole
undershirt
t-shirt
twinset
polo_shirt
halterneck
jersey
blouse
tube_top
turtleneck
shirt
crop_top
hoodie
sweater_vest
guayabera
sleeveless_shirt
henley_shirt
dress_shirt
sweater
guernsey
wedding_wear
body_care_products
cosmetics
face_care_products
hair_care_products
